[mobilekit.bragherstudio.com/view29/index.html]
[backblue.gif]
[fade.gif]
[index.html]
[mobilekit.bragherstudio.com/view29/assets/img/favicon.png]
[mobilekit.bragherstudio.com/view29/assets/img/icon/192x192.png]
[mobilekit.bragherstudio.com/view29/assets/css/style.css]
[mobilekit.bragherstudio.com/view29/__manifest.json]
[mobilekit.bragherstudio.com/view29/assets/img/sample/photo/d1.jpg]
[mobilekit.bragherstudio.com/view29/assets/img/sample/photo/d2.jpg]
[mobilekit.bragherstudio.com/view29/assets/img/sample/photo/d3.jpg]
[mobilekit.bragherstudio.com/view29/assets/img/sample/photo/d4.jpg]
[mobilekit.bragherstudio.com/view29/assets/img/sample/photo/d6.jpg]
[mobilekit.bragherstudio.com/view29/assets/img/sample/photo/d7.jpg]
[mobilekit.bragherstudio.com/view29/assets/img/sample/photo/d5.jpg]
[mobilekit.bragherstudio.com/view29/assets/img/sample/photo/wide4.jpg]
[mobilekit.bragherstudio.com/view29/app-components.html]
[mobilekit.bragherstudio.com/view29/assets/img/sample/photo/wide2.jpg]
[mobilekit.bragherstudio.com/view29/app-pages.html]
[mobilekit.bragherstudio.com/view29/assets/img/logo.png]
[mobilekit.bragherstudio.com/view29/page-chat.html]
[mobilekit.bragherstudio.com/view29/assets/img/sample/avatar/avatar1.jpg]
[mobilekit.bragherstudio.com/view29/assets/img/sample/avatar/avatar7.jpg]
[mobilekit.bragherstudio.com/view29/assets/img/sample/avatar/avatar3.jpg]
[mobilekit.bragherstudio.com/view29/assets/img/sample/avatar/avatar10.jpg]
[mobilekit.bragherstudio.com/view29/assets/img/sample/avatar/avatar2.jpg]
[mobilekit.bragherstudio.com/view29/assets/img/sample/avatar/avatar5.jpg]
[mobilekit.bragherstudio.com/view29/assets/img/icon/72x72.png]
[mobilekit.bragherstudio.com/view29/assets/js/lib/bootstrap.min.js]
[unpkg.com/ionicons@5.5.2/dist/ionicons/ionicons.js]
[mobilekit.bragherstudio.com/view29/assets/js/plugins/splide/splide.min.js]
[mobilekit.bragherstudio.com/view29/assets/js/plugins/progressbar-js/progressbar.min.js]
[mobilekit.bragherstudio.com/view29/index.html]
[mobilekit.bragherstudio.com/view29/assets/css/inc/bootstrap/bootstrap.min.css]
[mobilekit.bragherstudio.com/view29/assets/js/base.js]
[mobilekit.bragherstudio.com/view29/assets/css/inc/splide/splide.min.css]
[mobilekit.bragherstudio.com/view29/assets/css/style.css]
[cdn.jsdelivr.net/npm/bootstrap-icons@1.8.1/font/bootstrap-icons.css]
[mobilekit.bragherstudio.com/view29/component-appbottommenu.html]
[mobilekit.bragherstudio.com/view29/component-appheader.html]
[mobilekit.bragherstudio.com/view29/component-animated-header.html]
[mobilekit.bragherstudio.com/view29/component-appheader-tab.html]
[mobilekit.bragherstudio.com/view29/component-notification.html]
[mobilekit.bragherstudio.com/view29/component-toast.html]
[mobilekit.bragherstudio.com/view29/component-dialog.html]
[mobilekit.bragherstudio.com/view29/component-alert.html]
[mobilekit.bragherstudio.com/view29/component-error-page.html]
[mobilekit.bragherstudio.com/view29/component-online-detection.html]
[mobilekit.bragherstudio.com/view29/component-cookies-box.html]
[mobilekit.bragherstudio.com/view29/component-action-sheet.html]
[mobilekit.bragherstudio.com/view29/component-add-to-home.html]
[mobilekit.bragherstudio.com/view29/component-modal.html]
[mobilekit.bragherstudio.com/view29/component-offcanvas.html]
[mobilekit.bragherstudio.com/view29/component-stories.html]
[mobilekit.bragherstudio.com/view29/component-listview.html]
[mobilekit.bragherstudio.com/view29/component-multi-listview.html]
[mobilekit.bragherstudio.com/view29/component-sticky-listview.html]
[mobilekit.bragherstudio.com/view29/component-accordion.html]
[mobilekit.bragherstudio.com/view29/component-timeline.html]
[mobilekit.bragherstudio.com/view29/component-comment-boxes.html]
[mobilekit.bragherstudio.com/view29/component-inputs.html]
[mobilekit.bragherstudio.com/view29/component-checkbox.html]
[mobilekit.bragherstudio.com/view29/component-toggle.html]
[mobilekit.bragherstudio.com/view29/component-radio.html]
[mobilekit.bragherstudio.com/view29/component-stepper.html]
[mobilekit.bragherstudio.com/view29/component-form-validation.html]
[mobilekit.bragherstudio.com/view29/component-form-wizard.html]
[mobilekit.bragherstudio.com/view29/component-search.html]
[mobilekit.bragherstudio.com/view29/component-badge.html]
[mobilekit.bragherstudio.com/view29/component-button.html]
[mobilekit.bragherstudio.com/view29/component-card.html]
[mobilekit.bragherstudio.com/view29/component-carousel.html]
[mobilekit.bragherstudio.com/view29/component-chips.html]
[mobilekit.bragherstudio.com/view29/component-dropdown.html]
[mobilekit.bragherstudio.com/view29/component-fab-button.html]
[mobilekit.bragherstudio.com/view29/component-icons.html]
[mobilekit.bragherstudio.com/view29/component-images.html]
[mobilekit.bragherstudio.com/view29/component-pagination.html]
[mobilekit.bragherstudio.com/view29/component-placeholders.html]
[mobilekit.bragherstudio.com/view29/component-preloader.html]
[mobilekit.bragherstudio.com/view29/component-progressbar.html]
[mobilekit.bragherstudio.com/view29/component-table.html]
[mobilekit.bragherstudio.com/view29/component-tabs.html]
[mobilekit.bragherstudio.com/view29/component-tooltips.html]
[mobilekit.bragherstudio.com/view29/component-os-detection.html]
[mobilekit.bragherstudio.com/view29/component-contentbox.html]
[mobilekit.bragherstudio.com/view29/component-divider.html]
[mobilekit.bragherstudio.com/view29/component-go-to-top.html]
[mobilekit.bragherstudio.com/view29/component-adboxes.html]
[mobilekit.bragherstudio.com/view29/component-typography.html]
[mobilekit.bragherstudio.com/view29/component-grid.html]
[mobilekit.bragherstudio.com/view29/app-components.html]
[mobilekit.bragherstudio.com/view29/page-fullpage-slider.html]
[mobilekit.bragherstudio.com/view29/page-login.html]
[mobilekit.bragherstudio.com/view29/page-register.html]
[mobilekit.bragherstudio.com/view29/page-forgot-password.html]
[mobilekit.bragherstudio.com/view29/page-sms-verification.html]
[mobilekit.bragherstudio.com/view29/page-lockscreen.html]
[mobilekit.bragherstudio.com/view29/page-profile.html]
[mobilekit.bragherstudio.com/view29/page-product-page.html]
[mobilekit.bragherstudio.com/view29/page-cart.html]
[mobilekit.bragherstudio.com/view29/page-invoice.html]
[mobilekit.bragherstudio.com/view29/page-blank.html]
[mobilekit.bragherstudio.com/view29/page-faq.html]
[mobilekit.bragherstudio.com/view29/page-blogpost.html]
[mobilekit.bragherstudio.com/view29/page-about.html]
[mobilekit.bragherstudio.com/view29/page-contact.html]
[mobilekit.bragherstudio.com/view29/page-maintenance.html]
[mobilekit.bragherstudio.com/view29/page-under-construction.html]
[mobilekit.bragherstudio.com/view29/app-pages.html]
[mobilekit.bragherstudio.com/view29/assets/img/sample/photo/1.jpg]
[mobilekit.bragherstudio.com/view29/assets/img/sample/avatar/avatar4.jpg]
[mobilekit.bragherstudio.com/view29/page-chat.html]
[mobilekit.bragherstudio.com/view29/assets/css/inc/bootstrap/bootstrap.min.css]
[mobilekit.bragherstudio.com/view29/assets/css/inc/splide/splide.min.css]
[cdn.jsdelivr.net/npm/bootstrap-icons@1.8.1/font/fonts/bootstrap-icons44df.woff2]
[cdn.jsdelivr.net/npm/bootstrap-icons@1.8.1/font/fonts/bootstrap-icons44df.woff]
[cdn.jsdelivr.net/npm/bootstrap-icons@1.8.1/font/bootstrap-icons.css]
[mobilekit.bragherstudio.com/view29/component-appbottommenu.html]
[mobilekit.bragherstudio.com/view29/component-appheader.html]
[mobilekit.bragherstudio.com/view29/component-animated-header.html]
[mobilekit.bragherstudio.com/view29/assets/img/sample/photo/wide1.jpg]
[mobilekit.bragherstudio.com/view29/assets/img/sample/photo/wide3.jpg]
[mobilekit.bragherstudio.com/view29/component-appheader-tab.html]
[mobilekit.bragherstudio.com/view29/assets/img/sample/avatar/avatar6.jpg]
[mobilekit.bragherstudio.com/view29/component-notification.html]
[mobilekit.bragherstudio.com/view29/component-toast.html]
[mobilekit.bragherstudio.com/view29/component-dialog.html]
[mobilekit.bragherstudio.com/view29/component-alert.html]
[mobilekit.bragherstudio.com/view29/component-error-page.html]
[mobilekit.bragherstudio.com/view29/component-online-detection.html]
[mobilekit.bragherstudio.com/view29/component-cookies-box.html]
[mobilekit.bragherstudio.com/view29/component-action-sheet.html]
[mobilekit.bragherstudio.com/view29/component-add-to-home.html]
[mobilekit.bragherstudio.com/view29/assets/img/sample/avatar/avatar8.jpg]
[mobilekit.bragherstudio.com/view29/assets/img/sample/avatar/avatar9.jpg]
[mobilekit.bragherstudio.com/view29/component-modal.html]
[mobilekit.bragherstudio.com/view29/component-offcanvas.html]
[mobilekit.bragherstudio.com/view29/assets/img/sample/photo/vertical1.jpg]
[mobilekit.bragherstudio.com/view29/assets/img/sample/photo/vertical2.jpg]
[mobilekit.bragherstudio.com/view29/assets/img/sample/photo/vertical3.jpg]
[mobilekit.bragherstudio.com/view29/assets/img/sample/photo/vertical4.jpg]
[mobilekit.bragherstudio.com/view29/assets/img/sample/photo/vertical5.jpg]
[mobilekit.bragherstudio.com/view29/component-stories.html]
[mobilekit.bragherstudio.com/view29/assets/img/sample/photo/2.jpg]
[mobilekit.bragherstudio.com/view29/assets/img/sample/photo/3.jpg]
[mobilekit.bragherstudio.com/view29/component-listview.html]
[mobilekit.bragherstudio.com/view29/assets/img/sample/photo/4.jpg]
[mobilekit.bragherstudio.com/view29/assets/img/sample/photo/5.jpg]
[mobilekit.bragherstudio.com/view29/component-multi-listview.html]
[mobilekit.bragherstudio.com/view29/component-sticky-listview.html]
[mobilekit.bragherstudio.com/view29/component-accordion.html]
[mobilekit.bragherstudio.com/view29/component-timeline.html]
[mobilekit.bragherstudio.com/view29/component-comment-boxes.html]
[mobilekit.bragherstudio.com/view29/component-inputs.html]
[mobilekit.bragherstudio.com/view29/component-checkbox.html]
[mobilekit.bragherstudio.com/view29/component-toggle.html]
[mobilekit.bragherstudio.com/view29/component-radio.html]
[mobilekit.bragherstudio.com/view29/component-stepper.html]
[mobilekit.bragherstudio.com/view29/component-form-validation.html]
[mobilekit.bragherstudio.com/view29/component-form-wizard.html]
[mobilekit.bragherstudio.com/view29/assets/img/sample/photo/6.jpg]
[mobilekit.bragherstudio.com/view29/component-search.html]
[mobilekit.bragherstudio.com/view29/component-badge.html]
[mobilekit.bragherstudio.com/view29/component-button.html]
[mobilekit.bragherstudio.com/view29/assets/img/sample/photo/product1.jpg]
[mobilekit.bragherstudio.com/view29/assets/img/sample/photo/product4.jpg]
[mobilekit.bragherstudio.com/view29/component-card.html]
[mobilekit.bragherstudio.com/view29/component-carousel.html]
[mobilekit.bragherstudio.com/view29/component-chips.html]
[mobilekit.bragherstudio.com/view29/component-dropdown.html]
[mobilekit.bragherstudio.com/view29/component-fab-button.html]
[mobilekit.bragherstudio.com/view29/component-icons.html]
[mobilekit.bragherstudio.com/view29/component-images.html]
[mobilekit.bragherstudio.com/view29/component-pagination.html]
[mobilekit.bragherstudio.com/view29/assets/img/sample/photo/wide0.jpg]
[mobilekit.bragherstudio.com/view29/component-placeholders.html]
[mobilekit.bragherstudio.com/view29/component-preloader.html]
[mobilekit.bragherstudio.com/view29/component-progressbar.html]
[mobilekit.bragherstudio.com/view29/component-table.html]
[mobilekit.bragherstudio.com/view29/component-tabs.html]
[mobilekit.bragherstudio.com/view29/component-tooltips.html]
[mobilekit.bragherstudio.com/view29/component-os-detection.html]
[mobilekit.bragherstudio.com/view29/component-contentbox.html]
[mobilekit.bragherstudio.com/view29/component-divider.html]
[mobilekit.bragherstudio.com/view29/component-go-to-top.html]
[mobilekit.bragherstudio.com/view29/assets/img/sample/ads/300x50.jpg]
[mobilekit.bragherstudio.com/view29/assets/img/sample/ads/300x250.jpg]
[mobilekit.bragherstudio.com/view29/component-adboxes.html]
[mobilekit.bragherstudio.com/view29/component-typography.html]
[mobilekit.bragherstudio.com/view29/component-grid.html]
[mobilekit.bragherstudio.com/view29/assets/img/sample/photo/vector1.png]
[mobilekit.bragherstudio.com/view29/assets/img/sample/photo/vector2.png]
[mobilekit.bragherstudio.com/view29/assets/img/sample/photo/vector3.png]
[mobilekit.bragherstudio.com/view29/page-fullpage-slider.html]
[mobilekit.bragherstudio.com/view29/assets/img/sample/photo/vector4.png]
[mobilekit.bragherstudio.com/view29/page-login.html]
[mobilekit.bragherstudio.com/view29/page-register.html]
[mobilekit.bragherstudio.com/view29/page-forgot-password.html]
[mobilekit.bragherstudio.com/view29/page-sms-verification.html]
[mobilekit.bragherstudio.com/view29/page-lockscreen.html]
[mobilekit.bragherstudio.com/view29/page-profile.html]
[mobilekit.bragherstudio.com/view29/assets/img/sample/photo/product2.jpg]
[mobilekit.bragherstudio.com/view29/assets/img/sample/photo/product3.jpg]
[mobilekit.bragherstudio.com/view29/page-product-page.html]
[mobilekit.bragherstudio.com/view29/page-cart.html]
[mobilekit.bragherstudio.com/view29/page-invoice.html]
[mobilekit.bragherstudio.com/view29/page-blank.html]
[mobilekit.bragherstudio.com/view29/assets/img/sample/photo/vector5.png]
[mobilekit.bragherstudio.com/view29/page-faq.html]
[mobilekit.bragherstudio.com/view29/page-blogpost.html]
[mobilekit.bragherstudio.com/view29/page-about.html]
[mobilekit.bragherstudio.com/view29/page-contact.html]
[mobilekit.bragherstudio.com/view29/assets/img/sample/photo/vector6.png]
[mobilekit.bragherstudio.com/view29/page-maintenance.html]
[mobilekit.bragherstudio.com/view29/page-under-construction.html]
